
> fme-backoffice@1.0.0 build
> next build

  Ôû▓ Next.js 14.2.35
  - Environments: .env.local, .env.production

   Creating an optimized production build ...
 Ô£ô Compiled successfully
   Linting and checking validity of types ...
   Collecting page data ...
node.exe : 
En C:\Program Files\nodejs\npm.ps1: 29 Carácter: 3
+   & $NODE_EXE $NPM_CLI_JS $args
+   ~~~~~~~~~~~~~~~~~~~~~~~~~~~~~
    + CategoryInfo          : NotSpecified: (:String) [], RemoteException
    + FullyQualifiedErrorId : NativeCommandError
 
> Build error occurred
Error: Page "/admin/compras/[id]" is missing "generateStaticParams()" so it cannot be used with "output: export" 
config.
    at D:\ProyectosAI\Masas_Estacion\fme-backoffice\node_modules\next\dist\build\index.js:1297:59
    at process.processTicksAndRejections (node:internal/process/task_queues:105:5)
    at async Span.traceAsyncFn 
(D:\ProyectosAI\Masas_Estacion\fme-backoffice\node_modules\next\dist\trace\trace.js:154:20)
    at async Promise.all (index 11)
    at async D:\ProyectosAI\Masas_Estacion\fme-backoffice\node_modules\next\dist\build\index.js:1175:17
    at async Span.traceAsyncFn 
(D:\ProyectosAI\Masas_Estacion\fme-backoffice\node_modules\next\dist\trace\trace.js:154:20)
    at async D:\ProyectosAI\Masas_Estacion\fme-backoffice\node_modules\next\dist\build\index.js:1098:124
    at async Span.traceAsyncFn 
(D:\ProyectosAI\Masas_Estacion\fme-backoffice\node_modules\next\dist\trace\trace.js:154:20)
    at async build (D:\ProyectosAI\Masas_Estacion\fme-backoffice\node_modules\next\dist\build\index.js:368:9)
